// Jest Snapshot v1, https://goo.gl/fbAQLP

exports[`cfn-deploy should successfully update existing stack 1`] = `
Object {
  "Capabilities": undefined,
  "ChangeSetName": "cfn-deploy",
  "ChangeSetType": "UPDATE",
  "Description": "Created with cfn-deploy",
  "Parameters": Array [],
  "StackName": "existing-stack",
  "Tags": Array [
    Object {
      "Key": "DummyTag",
      "Value": "dummy-tag",
    },
    Object {
      "Key": "OverwritableTag",
      "Value": "from-object-tags-file",
    },
    Object {
      "Key": "TagSource",
      "Value": "object-tags.json",
    },
  ],
  "TemplateBody": "Resources:
  S3Bucket:
    Type: AWS::S3::Bucket
",
}
`;

exports[`cfn-deploy should successfully update existing stack 2`] = `
Object {
  "StackStatus": "UPDATE_COMPLETE",
}
`;
