// Jest Snapshot v1, https://goo.gl/fbAQLP

exports[`cfn-deploy should successfully update existing stack 1`] = `
Object {
  "Capabilities": undefined,
  "ChangeSetName": "cfn-deploy",
  "ChangeSetType": "UPDATE",
  "Description": "Created with cfn-deploy",
  "Parameters": Array [
    Object {
      "ParameterKey": "S3BucketName",
      "ParameterValue": "from-array-params-file",
    },
    Object {
      "ParameterKey": "DummyParam",
      "ParameterValue": "dummy-param",
    },
    Object {
      "ParameterKey": "OverwritableParam",
      "ParameterValue": "from-array-params-file",
    },
    Object {
      "ParameterKey": "ParamsSource",
      "ParameterValue": "array-params.json",
    },
  ],
  "StackName": "existing-stack",
  "TemplateBody": "Parameters:
  S3BucketName:
    Description: \\"S3 Bucket name\\"
    Type: String
  DummyParam:
    Description: \\"Dummy parameter\\"
    Type: String
  OverwritableParam:
    Description: \\"Parameter for testing overrides\\"
    Type: String
  ParamSource:
    Description: \\"Source where the parameters came from\\"
    Type: String

Resources:
  S3Bucket:
    Type: AWS::S3::Bucket
    Properties:
      BucketName: !Sub \\"\${AWS::StackName}-\${S3BucketName}\\"
",
}
`;

exports[`cfn-deploy should successfully update existing stack 2`] = `
Object {
  "type": "UPDATE",
}
`;
