// Jest Snapshot v1, https://goo.gl/fbAQLP

exports[`cfn-deploy should successfully create new stack 1`] = `
Object {
  "type": "UPDATE",
}
`;
