// Jest Snapshot v1, https://goo.gl/fbAQLP

exports[`CloudFormation.validateTemplate should error on invalid stack state 1`] = `"Can't update stack when status is \\"UPDATE_IN_PROGRESS\\""`;
