// Jest Snapshot v1, https://goo.gl/fbAQLP

exports[`cfn-deploy should successfully create new stack 1`] = `
Object {
  "Capabilities": undefined,
  "ChangeSetName": "cfn-deploy",
  "ChangeSetType": "CREATE",
  "Description": "Created with cfn-deploy",
  "Parameters": Array [
    Object {
      "ParameterKey": "S3BucketName",
      "ParameterValue": "from-object-params",
    },
    Object {
      "ParameterKey": "DummyParam",
      "ParameterValue": "dummy-param",
    },
    Object {
      "ParameterKey": "OverwritableParam",
      "ParameterValue": "from-object-params",
    },
    Object {
      "ParameterKey": "ParamSource",
      "ParameterValue": "plain-object",
    },
  ],
  "StackName": "new-stack",
  "TemplateBody": "Parameters:
  S3BucketName:
    Description: \\"S3 Bucket name\\"
    Type: String
  DummyParam:
    Description: \\"Dummy parameter\\"
    Type: String

Resources:
  S3Bucket:
    Type: AWS::S3::Bucket
    Properties:
      BucketName: !Sub \\"\${AWS::StackName}-\${S3BucketName}\\"
",
}
`;

exports[`cfn-deploy should successfully create new stack 2`] = `
Object {
  "type": "UPDATE",
}
`;
